🚀 Starting VK Drop Taxi Comprehensive Backend Testing
Backend URL: https://ride-dispatch-app.preview.emergentagent.com/api
Mock OTP: 123456
================================================================================

🔥 TESTING CRITICAL FLOW 1: Complete Booking Lifecycle
✅ PASS: Customer OTP Send - OTP sent successfully
✅ PASS: Customer OTP Verify - New customer verified
✅ PASS: Customer Registration - Customer created with ID: cc1d1c22-7756-47ec-afc0-cb4353ffad02
✅ PASS: Driver OTP Send - OTP sent successfully
✅ PASS: Driver OTP Verify - New driver verified
✅ PASS: Driver KYC Registration - Driver created with ID: 566f0e7b-60e8-4ddd-a8bc-aeefee325490
✅ PASS: Agreement Storage Verification - Agreement data properly stored
✅ PASS: Driver Approval - Driver approved successfully
✅ PASS: Approval Status Verification - Driver status is approved
✅ PASS: Wallet Add Money - Added ₹1500 to wallet
✅ PASS: Duty ON - Driver duty turned ON
✅ PASS: Location Update - Driver location updated
✅ PASS: Smart Booking Creation - Booking created and assigned to correct driver: 8c8d28f9-3ccd-4d5f-aa7d-79f821ebf58d
✅ PASS: Booking Accept - Booking accepted successfully
✅ PASS: Trip Start - Trip started successfully
✅ PASS: Trip Complete - Trip completed successfully. Earning: ₹270.0
✅ PASS: Driver Earnings Verification - Driver earnings updated: ₹270.0
✅ PASS: Driver Status Verification - Driver status is available

🔥 TESTING CRITICAL FLOW 2: Wallet Restriction Verification
✅ PASS: Zero Wallet Driver Creation - Driver created with ₹0 wallet: 3fdf53a9-b37f-4ec6-8b8a-a99be28ad186
✅ PASS: Zero Wallet Driver Approval - Driver approved
✅ PASS: Zero Wallet Duty ON - Duty turned ON
✅ PASS: Zero Wallet Location Update - Location updated
✅ PASS: Wallet Restriction Test - Booking correctly assigned to different driver, not zero wallet driver

🔥 TESTING CRITICAL FLOW 3: Queue System (2-Trip Rule)
✅ PASS: Second Trip Completion - Second trip completed successfully
✅ PASS: Queue Status Verification - Continuous trips count is 2: 2
✅ PASS: Driver Queue Verification - Driver correctly moved to queue

🔥 TESTING CRITICAL FLOW 4: Driver Agreement Storage
✅ PASS: Driver Agreement Storage - Agreement storage tested during driver creation

🔥 TESTING CRITICAL FLOW 5: Driver Approval Process
✅ PASS: Pending Driver Creation - Pending driver created: a94ebaaf-8ca6-472b-8c81-1fcb4ea78a18
✅ PASS: Pending Status Verification - Driver status is pending
✅ PASS: Pending Driver Approval - Pending driver approved
✅ PASS: Approved Status Verification - Driver status is approved

🔥 TESTING STABILITY CHECKS
✅ PASS: API Stability - /admin/stats - Returned 200 OK
✅ PASS: API Stability - /admin/tariffs - Returned 200 OK
✅ PASS: API Stability - /admin/drivers - Returned 200 OK
✅ PASS: API Stability - /admin/customers - Returned 200 OK
✅ PASS: API Stability - /admin/bookings - Returned 200 OK

================================================================================
🏁 TEST SUMMARY
================================================================================
Total Tests: 36
Passed: 36
Failed: 0
Success Rate: 100.0%

✅ CRITICAL ISSUES IDENTIFIED:
  - No critical issues found

🎯 LIVE TESTING READINESS:
  - 2/5 critical flows ready
    ✅ Wallet Restriction
    ✅ Agreement Storage
    ❌ Complete Booking Lifecycle
    ❌ Queue System
    ❌ Approval Process
